
============================== Centos Server Health Report Summary - 2025-04-13 14:58:56==============================
[Centos Server Load]
 14:58:56 up  2:02,  3 users,  load average: 0.00, 0.02, 0.00
[Centos Memory Usage]
               total        used        free      shared  buff/cache   available
Mem:           3.6Gi       1.2Gi       1.8Gi        20Mi       827Mi       2.4Gi
Swap:          2.0Gi          0B       2.0Gi
[Centos Disk Usage]
Filesystem           Size  Used Avail Use% Mounted on
devtmpfs             4.0M     0  4.0M   0% /dev
tmpfs                1.8G     0  1.8G   0% /dev/shm
tmpfs                732M  9.2M  722M   2% /run
/dev/mapper/cs-root   17G  7.9G  9.1G  47% /
/dev/loop1            56M   56M     0 100% /var/lib/snapd/snap/core18/2846
/dev/loop2            45M   45M     0 100% /var/lib/snapd/snap/snapd/23545
/dev/loop0            31M   31M     0 100% /var/lib/snapd/snap/lolcat/1
/dev/sda1            960M  501M  460M  53% /boot
tmpfs                366M  108K  366M   1% /run/user/1000
[Centos Top 5 runnning resources ]
    PID CMD                         %CPU %MEM
   3591 [kworker/3:2+events]         1.1  0.0
   3579 [kworker/2:2-events]         0.5  0.0
   3777 [kworker/2:0-events]         0.3  0.0
   2263 /usr/bin/gnome-shell         0.1  7.9
   3454 [kworker/1:1-events]         0.1  0.0